2026-01-19 11:57:51,431 | INFO | login | 2106-Temu全托管 - 第 1 次登录尝试
2026-01-19 11:58:01,447 | ERROR | login | 2106-Temu全托管 - 启动异常: HTTPConnectionPool(host='127.0.0.1', port=6873): Read timed out. (read timeout=10)
2026-01-19 11:58:01,447 | ERROR | login | 2106-Temu全托管 - 第 1 次失败: start_browser 失败
Traceback (most recent call last):
  File "D:\sd14\Temu_horizon\core\base_client.py", line 64, in post
    resp.raise_for_status()
  File "C:\ProgramData\anaconda3\envs\spider310\lib\site-packages\requests\models.py", line 1026, in raise_for_status
    raise HTTPError(http_error_msg, response=self)
requests.exceptions.HTTPError: 403 Client Error: Forbidden for url: https://agentseller.temu.com/api/kiana/mms/robin/searchForChainSupplier

During handling of the above exception, another exception occurred:

Traceback (most recent call last):
  File "D:\sd14\Temu_horizon\core\login.py", line 292, in run
    result = await self.run_once()
  File "D:\sd14\Temu_horizon\core\login.py", line 269, in run_once
    raise Exception("start_browser 失败")
Exception: start_browser 失败
2026-01-19 11:58:01,793 | INFO | login | 2106-Temu全托管 - 准备重试，等待 3 秒...
2026-01-19 11:58:04,807 | INFO | login | 2106-Temu全托管 - 第 2 次登录尝试
2026-01-19 11:58:05,224 | INFO | login | 2106-Temu全托管 - start_api 返回: {'code': 0, 'msg': 'Success', 'data': {'action': 'startBrowserByCode', 'backgroundPluginId': 'ibecnpjmgcbdlgojmlfebfkmlaoeojgm', 'browserID': 102858352, 'browserPath': 'C:\\Users\\Administrator\\AppData\\Local\\env-kit\\Core\\chrome_64_140_202512152142\\hubstudio', 'debuggingPort': '53280', 'downloadPath': 'C:\\Users\\Administrator\\Desktop\\Hubstudio\\temu全托2106店（153店改）+半托代发1', 'duplicate': 13285, 'ip': '111.172.230.181', 'isDynamicIp': False, 'launcherPage': 'about:blank', 'proxyType': 'socks5', 'runMode': 2, 'webdriver': 'C:\\Users\\Administrator\\AppData\\Local\\env-kit\\Core\\chrome_64_140_202512152142\\webdriver.exe', 'containerId': 102858352, 'containerCode': '1036583528', 'statusCode': '0', 'err': '成功(Success)'}}
2026-01-19 11:58:05,224 | INFO | login | 2106-Temu全托管 - 浏览器启动成功, 调试端口: 53280
2026-01-19 11:58:06,640 | INFO | login | 2106-Temu全托管 - 已连接浏览器
2026-01-19 11:58:07,767 | INFO | login | --------------------2106-Temu全托管 ------------------------ 开始登录...
2026-01-19 11:58:13,082 | INFO | login | 2106-Temu全托管 - 等待 agentseller Cookie 生效
2026-01-19 11:58:23,193 | INFO | login | 命中授权方式一：确认授权并前往
2026-01-19 11:58:23,235 | INFO | login | 授权流程完成
2026-01-19 11:58:29,258 | INFO | login | 2106-Temu全托管 - Cookie 已保存: D:\sd14\Temu_horizon\data\cookies\2106-Temu全托管_cookies.json
2026-01-19 11:58:29,258 | INFO | login | 2106-Temu全托管 - Cookie 获取完成，准备关闭浏览器
2026-01-19 11:58:29,258 | INFO | login | 2106-Temu全托管 - 登录成功（第 2 次）
2026-01-19 11:58:40,578 | INFO | login | 2105-Temu全托管 - 第 1 次登录尝试
2026-01-19 11:58:44,198 | INFO | login | 2105-Temu全托管 - start_api 返回: {'code': 0, 'msg': 'Success', 'data': {'action': 'startBrowserByCode', 'backgroundPluginId': 'hedbcddcbnkifhfapobljhpmnkknmeci', 'browserID': 109977447, 'browserPath': 'C:\\Users\\Administrator\\AppData\\Local\\env-kit\\Core\\chrome_64_131_202501091017\\hubstudio', 'debuggingPort': '53834', 'downloadPath': 'C:\\Users\\Administrator\\Desktop\\Hubstudio\\temu全托1105店', 'duplicate': 3214, 'ip': '218.78.129.86', 'isDynamicIp': False, 'launcherPage': 'about:blank', 'proxyType': 'socks5', 'runMode': 2, 'webdriver': 'C:\\Users\\Administrator\\AppData\\Local\\env-kit\\Core\\chrome_64_131_202501091017\\webdriver.exe', 'containerId': 109977447, 'containerCode': '1107774478', 'statusCode': '0', 'err': '成功(Success)'}}
2026-01-19 11:58:44,199 | INFO | login | 2105-Temu全托管 - 浏览器启动成功, 调试端口: 53834
2026-01-19 11:58:45,611 | INFO | login | 2105-Temu全托管 - 已连接浏览器
2026-01-19 11:58:46,985 | INFO | login | --------------------2105-Temu全托管 ------------------------ 开始登录...
2026-01-19 11:58:50,326 | INFO | login | 2105-Temu全托管 - 等待 agentseller Cookie 生效
2026-01-19 11:58:57,398 | INFO | login | 2105-Temu全托管 - Cookie 已保存: D:\sd14\Temu_horizon\data\cookies\2105-Temu全托管_cookies.json
2026-01-19 11:58:57,398 | INFO | login | 2105-Temu全托管 - Cookie 获取完成，准备关闭浏览器
2026-01-19 11:58:57,398 | INFO | login | 2105-Temu全托管 - 登录成功（第 1 次）
2026-01-19 11:59:02,930 | INFO | login | 2108-Temu全托管 - 第 1 次登录尝试
2026-01-19 11:59:05,887 | INFO | login | 2108-Temu全托管 - start_api 返回: {'code': 0, 'msg': 'Success', 'data': {'action': 'startBrowserByCode', 'backgroundPluginId': 'cdgoddilnfionjljedagnobpdkhcnpii', 'browserID': 99890331, 'browserPath': 'C:\\Users\\Administrator\\AppData\\Local\\env-kit\\Core\\chrome_64_131_202501091017\\hubstudio', 'debuggingPort': '54166', 'downloadPath': 'C:\\Users\\Administrator\\Desktop\\Hubstudio\\temu全托2103店（113店改）+2108店+半托6号店+半托8号店', 'duplicate': 2634, 'ip': '1.194.218.235', 'isDynamicIp': False, 'launcherPage': 'about:blank', 'proxyType': 'socks5', 'runMode': 2, 'webdriver': 'C:\\Users\\Administrator\\AppData\\Local\\env-kit\\Core\\chrome_64_131_202501091017\\webdriver.exe', 'containerId': 99890331, 'containerCode': '1006903311', 'statusCode': '0', 'err': '成功(Success)'}}
2026-01-19 11:59:05,888 | INFO | login | 2108-Temu全托管 - 浏览器启动成功, 调试端口: 54166
2026-01-19 11:59:07,261 | INFO | login | 2108-Temu全托管 - 已连接浏览器
2026-01-19 11:59:08,387 | INFO | login | --------------------2108-Temu全托管 ------------------------ 开始登录...
2026-01-19 11:59:13,214 | INFO | login | 2108-Temu全托管 - 等待 agentseller Cookie 生效
2026-01-19 11:59:22,341 | INFO | login | 命中授权方式一：确认授权并前往
2026-01-19 11:59:22,366 | INFO | login | 授权流程完成
2026-01-19 11:59:28,396 | INFO | login | 2108-Temu全托管 - Cookie 已保存: D:\sd14\Temu_horizon\data\cookies\2108-Temu全托管_cookies.json
2026-01-19 11:59:28,396 | INFO | login | 2108-Temu全托管 - Cookie 获取完成，准备关闭浏览器
2026-01-19 11:59:28,396 | INFO | login | 2108-Temu全托管 - 登录成功（第 1 次）
2026-01-19 11:59:36,938 | INFO | login | 2107-Temu全托管 - 第 1 次登录尝试
2026-01-19 11:59:40,210 | INFO | login | 2107-Temu全托管 - start_api 返回: {'code': 0, 'msg': 'Success', 'data': {'action': 'startBrowserByCode', 'backgroundPluginId': 'eeakakjccihhgkahpdohdfhkoheehanb', 'browserID': 102858197, 'browserPath': 'C:\\Users\\Administrator\\AppData\\Local\\env-kit\\Core\\chrome_64_131_202501091017\\hubstudio', 'debuggingPort': '54869', 'downloadPath': 'C:\\Users\\Administrator\\Desktop\\Hubstudio\\temu全托2102店（152店改）', 'duplicate': 2845, 'ip': '49.7.135.46', 'isDynamicIp': False, 'launcherPage': 'about:blank', 'proxyType': 'socks5', 'runMode': 2, 'webdriver': 'C:\\Users\\Administrator\\AppData\\Local\\env-kit\\Core\\chrome_64_131_202501091017\\webdriver.exe', 'containerId': 102858197, 'containerCode': '1036581979', 'statusCode': '0', 'err': '成功(Success)'}}
2026-01-19 11:59:40,210 | INFO | login | 2107-Temu全托管 - 浏览器启动成功, 调试端口: 54869
2026-01-19 11:59:41,628 | INFO | login | 2107-Temu全托管 - 已连接浏览器
2026-01-19 11:59:42,936 | INFO | login | --------------------2107-Temu全托管 ------------------------ 开始登录...
2026-01-19 11:59:48,109 | INFO | login | 2107-Temu全托管 - 等待 agentseller Cookie 生效
2026-01-19 11:59:57,626 | INFO | login | 命中授权方式一：确认授权并前往
2026-01-19 11:59:57,686 | INFO | login | 授权流程完成
2026-01-19 12:00:03,728 | INFO | login | 2107-Temu全托管 - Cookie 已保存: D:\sd14\Temu_horizon\data\cookies\2107-Temu全托管_cookies.json
2026-01-19 12:00:03,728 | INFO | login | 2107-Temu全托管 - Cookie 获取完成，准备关闭浏览器
2026-01-19 12:00:03,728 | INFO | login | 2107-Temu全托管 - 登录成功（第 1 次）
2026-01-19 12:00:10,877 | INFO | login | 2102-Temu全托管 - 第 1 次登录尝试
2026-01-19 12:00:13,350 | INFO | login | 2102-Temu全托管 - start_api 返回: {'code': 0, 'msg': 'Success', 'data': {'action': 'startBrowserByCode', 'backgroundPluginId': 'eeakakjccihhgkahpdohdfhkoheehanb', 'browserID': 102858197, 'browserPath': 'C:\\Users\\Administrator\\AppData\\Local\\env-kit\\Core\\chrome_64_131_202501091017\\hubstudio', 'debuggingPort': '55454', 'downloadPath': 'C:\\Users\\Administrator\\Desktop\\Hubstudio\\temu全托2102店（152店改）', 'duplicate': 2188, 'ip': '49.7.135.46', 'isDynamicIp': False, 'launcherPage': 'about:blank', 'proxyType': 'socks5', 'runMode': 2, 'webdriver': 'C:\\Users\\Administrator\\AppData\\Local\\env-kit\\Core\\chrome_64_131_202501091017\\webdriver.exe', 'containerId': 102858197, 'containerCode': '1036581979', 'statusCode': '0', 'err': '成功(Success)'}}
2026-01-19 12:00:13,350 | INFO | login | 2102-Temu全托管 - 浏览器启动成功, 调试端口: 55454
2026-01-19 12:00:14,747 | INFO | login | 2102-Temu全托管 - 已连接浏览器
2026-01-19 12:00:15,225 | INFO | login | --------------------2102-Temu全托管 ------------------------ 开始登录...
2026-01-19 12:00:21,123 | INFO | login | 2102-Temu全托管 - 等待 agentseller Cookie 生效
2026-01-19 12:00:26,753 | INFO | login | 2102-Temu全托管 - Cookie 已保存: D:\sd14\Temu_horizon\data\cookies\2102-Temu全托管_cookies.json
2026-01-19 12:00:26,753 | INFO | login | 2102-Temu全托管 - Cookie 获取完成，准备关闭浏览器
2026-01-19 12:00:26,753 | INFO | login | 2102-Temu全托管 - 登录成功（第 1 次）
2026-01-19 12:00:34,932 | INFO | login | 2102-Temu全托管 - 第 1 次登录尝试
2026-01-19 12:00:37,708 | INFO | login | 2102-Temu全托管 - start_api 返回: {'code': 0, 'msg': 'Success', 'data': {'action': 'startBrowserByCode', 'backgroundPluginId': 'eeakakjccihhgkahpdohdfhkoheehanb', 'browserID': 102858197, 'browserPath': 'C:\\Users\\Administrator\\AppData\\Local\\env-kit\\Core\\chrome_64_131_202501091017\\hubstudio', 'debuggingPort': '55999', 'downloadPath': 'C:\\Users\\Administrator\\Desktop\\Hubstudio\\temu全托2102店（152店改）', 'duplicate': 2473, 'ip': '49.7.135.46', 'isDynamicIp': False, 'launcherPage': 'about:blank', 'proxyType': 'socks5', 'runMode': 2, 'webdriver': 'C:\\Users\\Administrator\\AppData\\Local\\env-kit\\Core\\chrome_64_131_202501091017\\webdriver.exe', 'containerId': 102858197, 'containerCode': '1036581979', 'statusCode': '0', 'err': '成功(Success)'}}
2026-01-19 12:00:37,708 | INFO | login | 2102-Temu全托管 - 浏览器启动成功, 调试端口: 55999
2026-01-19 12:00:39,099 | INFO | login | 2102-Temu全托管 - 已连接浏览器
2026-01-19 12:00:39,604 | INFO | login | --------------------2102-Temu全托管 ------------------------ 开始登录...
2026-01-19 12:00:45,102 | INFO | login | 2102-Temu全托管 - 等待 agentseller Cookie 生效
2026-01-19 12:00:51,046 | INFO | login | 2102-Temu全托管 - Cookie 已保存: D:\sd14\Temu_horizon\data\cookies\2102-Temu全托管_cookies.json
2026-01-19 12:00:51,046 | INFO | login | 2102-Temu全托管 - Cookie 获取完成，准备关闭浏览器
2026-01-19 12:00:51,046 | INFO | login | 2102-Temu全托管 - 登录成功（第 1 次）
2026-01-19 12:01:01,427 | INFO | login | 1108-Temu全托管 - 第 1 次登录尝试
2026-01-19 12:01:05,073 | INFO | login | 1108-Temu全托管 - start_api 返回: {'code': 0, 'msg': 'Success', 'data': {'action': 'startBrowserByCode', 'backgroundPluginId': 'oielegjolaoigkjpcikbcbepjdojkkja', 'browserID': 122453019, 'browserPath': 'C:\\Users\\Administrator\\AppData\\Local\\env-kit\\Core\\chrome_64_133_202505210948\\hubstudio', 'debuggingPort': '56520', 'downloadPath': 'C:\\Users\\Administrator\\Desktop\\Hubstudio\\temu全托1108号店', 'duplicate': 3313, 'ip': '1.194.218.235', 'isDynamicIp': False, 'launcherPage': 'about:blank', 'proxyType': 'socks5', 'runMode': 2, 'webdriver': 'C:\\Users\\Administrator\\AppData\\Local\\env-kit\\Core\\chrome_64_133_202505210948\\webdriver.exe', 'containerId': 122453019, 'containerCode': '1232530196', 'statusCode': '0', 'err': '成功(Success)'}}
2026-01-19 12:01:05,073 | INFO | login | 1108-Temu全托管 - 浏览器启动成功, 调试端口: 56520
2026-01-19 12:01:06,522 | INFO | login | 1108-Temu全托管 - 已连接浏览器
2026-01-19 12:01:10,569 | INFO | login | --------------------1108-Temu全托管 ------------------------ 开始登录...
2026-01-19 12:01:14,504 | INFO | login | 1108-Temu全托管 - 等待 agentseller Cookie 生效
2026-01-19 12:01:21,047 | INFO | login | 1108-Temu全托管 - Cookie 已保存: D:\sd14\Temu_horizon\data\cookies\1108-Temu全托管_cookies.json
2026-01-19 12:01:21,047 | INFO | login | 1108-Temu全托管 - Cookie 获取完成，准备关闭浏览器
2026-01-19 12:01:21,047 | INFO | login | 1108-Temu全托管 - 登录成功（第 1 次）
2026-01-19 12:01:29,857 | INFO | login | 1107-Temu全托管 - 第 1 次登录尝试
2026-01-19 12:01:33,258 | INFO | login | 1107-Temu全托管 - start_api 返回: {'code': 0, 'msg': 'Success', 'data': {'action': 'startBrowserByCode', 'backgroundPluginId': 'hmfimlmiknlbeifbaabjgkfnhkaiijaf', 'browserID': 122452738, 'browserPath': 'C:\\Users\\Administrator\\AppData\\Local\\env-kit\\Core\\chrome_64_133_202505210948\\hubstudio', 'debuggingPort': '56830', 'downloadPath': 'C:\\Users\\Administrator\\Desktop\\Hubstudio\\temu全托1107号店', 'duplicate': 2880, 'ip': '36.111.32.150', 'isDynamicIp': False, 'launcherPage': 'about:blank', 'proxyType': 'socks5', 'runMode': 2, 'webdriver': 'C:\\Users\\Administrator\\AppData\\Local\\env-kit\\Core\\chrome_64_133_202505210948\\webdriver.exe', 'containerId': 122452738, 'containerCode': '1232527381', 'statusCode': '0', 'err': '成功(Success)'}}
2026-01-19 12:01:33,258 | INFO | login | 1107-Temu全托管 - 浏览器启动成功, 调试端口: 56830
2026-01-19 12:01:34,698 | INFO | login | 1107-Temu全托管 - 已连接浏览器
2026-01-19 12:01:35,733 | INFO | login | --------------------1107-Temu全托管 ------------------------ 开始登录...
2026-01-19 12:01:39,126 | INFO | login | 1107-Temu全托管 - 等待 agentseller Cookie 生效
2026-01-19 12:01:48,012 | INFO | login | 命中授权方式一：确认授权并前往
2026-01-19 12:01:48,059 | INFO | login | 授权流程完成
2026-01-19 12:01:54,087 | INFO | login | 1107-Temu全托管 - Cookie 已保存: D:\sd14\Temu_horizon\data\cookies\1107-Temu全托管_cookies.json
2026-01-19 12:01:54,087 | INFO | login | 1107-Temu全托管 - Cookie 获取完成，准备关闭浏览器
2026-01-19 12:01:54,087 | INFO | login | 1107-Temu全托管 - 登录成功（第 1 次）
2026-01-19 12:02:06,192 | INFO | login | 1106-Temu全托管 - 第 1 次登录尝试
2026-01-19 12:02:08,697 | INFO | login | 1106-Temu全托管 - start_api 返回: {'code': 0, 'msg': 'Success', 'data': {'action': 'startBrowserByCode', 'backgroundPluginId': 'ckmbonbfihibhagclccfhnmbcbfnlbnh', 'browserID': 109978213, 'browserPath': 'C:\\Users\\Administrator\\AppData\\Local\\env-kit\\Core\\chrome_64_131_202501091017\\hubstudio', 'debuggingPort': '57263', 'downloadPath': 'C:\\Users\\Administrator\\Desktop\\Hubstudio\\temu全托1106店', 'duplicate': 2216, 'ip': '36.111.32.150', 'isDynamicIp': False, 'launcherPage': 'about:blank', 'proxyType': 'socks5', 'runMode': 2, 'webdriver': 'C:\\Users\\Administrator\\AppData\\Local\\env-kit\\Core\\chrome_64_131_202501091017\\webdriver.exe', 'containerId': 109978213, 'containerCode': '1107782133', 'statusCode': '0', 'err': '成功(Success)'}}
2026-01-19 12:02:08,697 | INFO | login | 1106-Temu全托管 - 浏览器启动成功, 调试端口: 57263
2026-01-19 12:02:10,084 | INFO | login | 1106-Temu全托管 - 已连接浏览器
2026-01-19 12:02:11,457 | INFO | login | --------------------1106-Temu全托管 ------------------------ 开始登录...
2026-01-19 12:02:16,113 | INFO | login | 1106-Temu全托管 - 等待 agentseller Cookie 生效
2026-01-19 12:02:24,496 | INFO | login | 命中授权方式一：确认授权并前往
2026-01-19 12:02:24,533 | INFO | login | 授权流程完成
2026-01-19 12:02:30,601 | INFO | login | 1106-Temu全托管 - Cookie 已保存: D:\sd14\Temu_horizon\data\cookies\1106-Temu全托管_cookies.json
2026-01-19 12:02:30,601 | INFO | login | 1106-Temu全托管 - Cookie 获取完成，准备关闭浏览器
2026-01-19 12:02:30,601 | INFO | login | 1106-Temu全托管 - 登录成功（第 1 次）
2026-01-19 12:02:36,073 | INFO | login | 1105-Temu全托管 - 第 1 次登录尝试
2026-01-19 12:02:38,568 | INFO | login | 1105-Temu全托管 - start_api 返回: {'code': 0, 'msg': 'Success', 'data': {'action': 'startBrowserByCode', 'backgroundPluginId': 'hedbcddcbnkifhfapobljhpmnkknmeci', 'browserID': 109977447, 'browserPath': 'C:\\Users\\Administrator\\AppData\\Local\\env-kit\\Core\\chrome_64_131_202501091017\\hubstudio', 'debuggingPort': '57564', 'downloadPath': 'C:\\Users\\Administrator\\Desktop\\Hubstudio\\temu全托1105店', 'duplicate': 2114, 'ip': '218.78.129.86', 'isDynamicIp': False, 'launcherPage': 'about:blank', 'proxyType': 'socks5', 'runMode': 2, 'webdriver': 'C:\\Users\\Administrator\\AppData\\Local\\env-kit\\Core\\chrome_64_131_202501091017\\webdriver.exe', 'containerId': 109977447, 'containerCode': '1107774478', 'statusCode': '0', 'err': '成功(Success)'}}
2026-01-19 12:02:38,568 | INFO | login | 1105-Temu全托管 - 浏览器启动成功, 调试端口: 57564
2026-01-19 12:02:39,943 | INFO | login | 1105-Temu全托管 - 已连接浏览器
2026-01-19 12:02:40,398 | INFO | login | --------------------1105-Temu全托管 ------------------------ 开始登录...
2026-01-19 12:02:45,077 | INFO | login | 1105-Temu全托管 - 等待 agentseller Cookie 生效
2026-01-19 12:02:50,521 | INFO | login | 1105-Temu全托管 - Cookie 已保存: D:\sd14\Temu_horizon\data\cookies\1105-Temu全托管_cookies.json
2026-01-19 12:02:50,521 | INFO | login | 1105-Temu全托管 - Cookie 获取完成，准备关闭浏览器
2026-01-19 12:02:50,522 | INFO | login | 1105-Temu全托管 - 登录成功（第 1 次）
2026-01-19 12:02:57,143 | INFO | login | 2103-Temu全托管 - 第 1 次登录尝试
2026-01-19 12:02:59,903 | INFO | login | 2103-Temu全托管 - start_api 返回: {'code': 0, 'msg': 'Success', 'data': {'action': 'startBrowserByCode', 'backgroundPluginId': 'cdgoddilnfionjljedagnobpdkhcnpii', 'browserID': 99890331, 'browserPath': 'C:\\Users\\Administrator\\AppData\\Local\\env-kit\\Core\\chrome_64_131_202501091017\\hubstudio', 'debuggingPort': '57916', 'downloadPath': 'C:\\Users\\Administrator\\Desktop\\Hubstudio\\temu全托2103店（113店改）+2108店+半托6号店+半托8号店', 'duplicate': 2442, 'ip': '1.194.218.235', 'isDynamicIp': False, 'launcherPage': 'about:blank', 'proxyType': 'socks5', 'runMode': 2, 'webdriver': 'C:\\Users\\Administrator\\AppData\\Local\\env-kit\\Core\\chrome_64_131_202501091017\\webdriver.exe', 'containerId': 99890331, 'containerCode': '1006903311', 'statusCode': '0', 'err': '成功(Success)'}}
2026-01-19 12:02:59,904 | INFO | login | 2103-Temu全托管 - 浏览器启动成功, 调试端口: 57916
2026-01-19 12:03:01,300 | INFO | login | 2103-Temu全托管 - 已连接浏览器
2026-01-19 12:03:01,718 | INFO | login | --------------------2103-Temu全托管 ------------------------ 开始登录...
2026-01-19 12:03:07,101 | INFO | login | 2103-Temu全托管 - 等待 agentseller Cookie 生效
2026-01-19 12:03:17,524 | INFO | login | 2103-Temu全托管 - Cookie 已保存: D:\sd14\Temu_horizon\data\cookies\2103-Temu全托管_cookies.json
2026-01-19 12:03:17,525 | INFO | login | 2103-Temu全托管 - Cookie 获取完成，准备关闭浏览器
2026-01-19 12:03:17,525 | INFO | login | 2103-Temu全托管 - 登录成功（第 1 次）
2026-01-19 12:03:23,720 | INFO | login | 112-Temu全托管 - 第 1 次登录尝试
2026-01-19 12:03:27,014 | INFO | login | 112-Temu全托管 - start_api 返回: {'code': 0, 'msg': 'Success', 'data': {'action': 'startBrowserByCode', 'backgroundPluginId': 'deogjmiglmamcbonclpnbppbclfgkgpg', 'browserID': 99848624, 'browserPath': 'C:\\Users\\Administrator\\AppData\\Local\\env-kit\\Core\\chrome_64_131_202501091017\\hubstudio', 'debuggingPort': '58203', 'downloadPath': 'C:\\Users\\Administrator\\Desktop\\Hubstudio\\temu全托112店', 'duplicate': 2948, 'ip': '36.111.32.150', 'isDynamicIp': False, 'launcherPage': 'about:blank', 'proxyType': 'socks5', 'runMode': 2, 'webdriver': 'C:\\Users\\Administrator\\AppData\\Local\\env-kit\\Core\\chrome_64_131_202501091017\\webdriver.exe', 'containerId': 99848624, 'containerCode': '1006486242', 'statusCode': '0', 'err': '成功(Success)'}}
2026-01-19 12:03:27,015 | INFO | login | 112-Temu全托管 - 浏览器启动成功, 调试端口: 58203
2026-01-19 12:03:28,409 | INFO | login | 112-Temu全托管 - 已连接浏览器
2026-01-19 12:03:29,772 | INFO | login | --------------------112-Temu全托管 ------------------------ 开始登录...
2026-01-19 12:03:35,117 | INFO | login | 112-Temu全托管 - 等待 agentseller Cookie 生效
2026-01-19 12:03:44,001 | INFO | login | 命中授权方式一：确认授权并前往
2026-01-19 12:03:44,042 | INFO | login | 授权流程完成
2026-01-19 12:03:50,072 | INFO | login | 112-Temu全托管 - Cookie 已保存: D:\sd14\Temu_horizon\data\cookies\112-Temu全托管_cookies.json
2026-01-19 12:03:50,073 | INFO | login | 112-Temu全托管 - Cookie 获取完成，准备关闭浏览器
2026-01-19 12:03:50,073 | INFO | login | 112-Temu全托管 - 登录成功（第 1 次）
2026-01-19 12:04:02,342 | INFO | login | 151-Temu全托管家居 - 第 1 次登录尝试
2026-01-19 12:04:05,180 | INFO | login | 151-Temu全托管家居 - start_api 返回: {'code': 0, 'msg': 'Success', 'data': {'action': 'startBrowserByCode', 'backgroundPluginId': 'hedghpmenpbaonnhkmgocnfmfknncjij', 'browserID': 100115336, 'browserPath': 'C:\\Users\\Administrator\\AppData\\Local\\env-kit\\Core\\chrome_64_131_202501091017\\hubstudio', 'debuggingPort': '58511', 'downloadPath': 'C:\\Users\\Administrator\\Desktop\\Hubstudio\\temu全托151店', 'duplicate': 2440, 'ip': '124.236.76.149', 'isDynamicIp': False, 'launcherPage': 'about:blank', 'proxyType': 'socks5', 'runMode': 2, 'webdriver': 'C:\\Users\\Administrator\\AppData\\Local\\env-kit\\Core\\chrome_64_131_202501091017\\webdriver.exe', 'containerId': 100115336, 'containerCode': '1009153364', 'statusCode': '0', 'err': '成功(Success)'}}
2026-01-19 12:04:05,180 | INFO | login | 151-Temu全托管家居 - 浏览器启动成功, 调试端口: 58511
2026-01-19 12:04:06,573 | INFO | login | 151-Temu全托管家居 - 已连接浏览器
2026-01-19 12:04:07,898 | INFO | login | --------------------151-Temu全托管家居 ------------------------ 开始登录...
2026-01-19 12:04:13,236 | INFO | login | 151-Temu全托管家居 - 等待 agentseller Cookie 生效
2026-01-19 12:04:23,514 | INFO | login | 命中授权方式一：确认授权并前往
2026-01-19 12:04:23,567 | INFO | login | 授权流程完成
2026-01-19 12:04:29,573 | INFO | login | 151-Temu全托管家居 - Cookie 已保存: D:\sd14\Temu_horizon\data\cookies\151-Temu全托管家居_cookies.json
2026-01-19 12:04:29,573 | INFO | login | 151-Temu全托管家居 - Cookie 获取完成，准备关闭浏览器
2026-01-19 12:04:29,573 | INFO | login | 151-Temu全托管家居 - 登录成功（第 1 次）
2026-01-19 12:04:39,166 | INFO | login | 1104-Temu全托管 - 第 1 次登录尝试
2026-01-19 12:04:42,128 | INFO | login | 1104-Temu全托管 - start_api 返回: {'code': 0, 'msg': 'Success', 'data': {'action': 'startBrowserByCode', 'backgroundPluginId': 'ifmneobocilkpmpjmkahbfnpccjajnbm', 'browserID': 100261239, 'browserPath': 'C:\\Users\\Administrator\\AppData\\Local\\env-kit\\Core\\chrome_64_131_202501091017\\hubstudio', 'debuggingPort': '58845', 'downloadPath': 'C:\\Users\\Administrator\\Desktop\\Hubstudio\\temu全托1104店', 'duplicate': 2619, 'ip': '125.122.156.184', 'isDynamicIp': False, 'launcherPage': 'about:blank', 'proxyType': 'socks5', 'runMode': 2, 'webdriver': 'C:\\Users\\Administrator\\AppData\\Local\\env-kit\\Core\\chrome_64_131_202501091017\\webdriver.exe', 'containerId': 100261239, 'containerCode': '1010612394', 'statusCode': '0', 'err': '成功(Success)'}}
2026-01-19 12:04:42,129 | INFO | login | 1104-Temu全托管 - 浏览器启动成功, 调试端口: 58845
2026-01-19 12:04:43,530 | INFO | login | 1104-Temu全托管 - 已连接浏览器
2026-01-19 12:04:44,690 | INFO | login | --------------------1104-Temu全托管 ------------------------ 开始登录...
2026-01-19 12:04:54,315 | INFO | login | 1104-Temu全托管 - 等待 agentseller Cookie 生效
2026-01-19 12:05:00,454 | INFO | login | 1104-Temu全托管 - Cookie 已保存: D:\sd14\Temu_horizon\data\cookies\1104-Temu全托管_cookies.json
2026-01-19 12:05:00,454 | INFO | login | 1104-Temu全托管 - Cookie 获取完成，准备关闭浏览器
2026-01-19 12:05:00,454 | INFO | login | 1104-Temu全托管 - 登录成功（第 1 次）
2026-01-19 12:05:09,421 | INFO | login | 1102-Temu全托管 - 第 1 次登录尝试
2026-01-19 12:05:12,807 | INFO | login | 1102-Temu全托管 - start_api 返回: {'code': 0, 'msg': 'Success', 'data': {'action': 'startBrowserByCode', 'backgroundPluginId': 'jelnoidfmcaagnefijmbgjihdibffamo', 'browserID': 100123686, 'browserPath': 'C:\\Users\\Administrator\\AppData\\Local\\env-kit\\Core\\chrome_64_131_202501091017\\hubstudio', 'debuggingPort': '59128', 'downloadPath': 'C:\\Users\\Administrator\\Desktop\\Hubstudio\\temu全托1102店', 'duplicate': 2975, 'ip': '125.94.230.83', 'isDynamicIp': False, 'launcherPage': 'about:blank', 'proxyType': 'socks5', 'runMode': 2, 'webdriver': 'C:\\Users\\Administrator\\AppData\\Local\\env-kit\\Core\\chrome_64_131_202501091017\\webdriver.exe', 'containerId': 100123686, 'containerCode': '1009236863', 'statusCode': '0', 'err': '成功(Success)'}}
2026-01-19 12:05:12,807 | INFO | login | 1102-Temu全托管 - 浏览器启动成功, 调试端口: 59128
2026-01-19 12:05:14,188 | INFO | login | 1102-Temu全托管 - 已连接浏览器
2026-01-19 12:05:15,242 | INFO | login | --------------------1102-Temu全托管 ------------------------ 开始登录...
2026-01-19 12:05:20,070 | INFO | login | 1102-Temu全托管 - 等待 agentseller Cookie 生效
2026-01-19 12:05:25,875 | INFO | login | 1102-Temu全托管 - Cookie 已保存: D:\sd14\Temu_horizon\data\cookies\1102-Temu全托管_cookies.json
2026-01-19 12:05:25,875 | INFO | login | 1102-Temu全托管 - Cookie 获取完成，准备关闭浏览器
2026-01-19 12:05:25,875 | INFO | login | 1102-Temu全托管 - 登录成功（第 1 次）
2026-01-19 12:05:34,467 | INFO | login | 1103-Temu全托管 - 第 1 次登录尝试
2026-01-19 12:05:37,601 | INFO | login | 1103-Temu全托管 - start_api 返回: {'code': 0, 'msg': 'Success', 'data': {'action': 'startBrowserByCode', 'backgroundPluginId': 'jpdodpkjmnaoinfefchdgfomfncffgoc', 'browserID': 100261119, 'browserPath': 'C:\\Users\\Administrator\\AppData\\Local\\env-kit\\Core\\chrome_64_131_202501091017\\hubstudio', 'debuggingPort': '59393', 'downloadPath': 'C:\\Users\\Administrator\\Desktop\\Hubstudio\\temu全托1103店-子账号', 'duplicate': 2717, 'ip': '218.78.129.68', 'isDynamicIp': False, 'launcherPage': 'about:blank', 'proxyType': 'socks5', 'runMode': 2, 'webdriver': 'C:\\Users\\Administrator\\AppData\\Local\\env-kit\\Core\\chrome_64_131_202501091017\\webdriver.exe', 'containerId': 100261119, 'containerCode': '1010611195', 'statusCode': '0', 'err': '成功(Success)'}}
2026-01-19 12:05:37,601 | INFO | login | 1103-Temu全托管 - 浏览器启动成功, 调试端口: 59393
2026-01-19 12:05:38,978 | INFO | login | 1103-Temu全托管 - 已连接浏览器
2026-01-19 12:05:40,392 | INFO | login | --------------------1103-Temu全托管 ------------------------ 开始登录...
2026-01-19 12:05:45,064 | INFO | login | 1103-Temu全托管 - 等待 agentseller Cookie 生效
2026-01-19 12:05:52,621 | INFO | login | 1103-Temu全托管 - Cookie 已保存: D:\sd14\Temu_horizon\data\cookies\1103-Temu全托管_cookies.json
2026-01-19 12:05:52,621 | INFO | login | 1103-Temu全托管 - Cookie 获取完成，准备关闭浏览器
2026-01-19 12:05:52,622 | INFO | login | 1103-Temu全托管 - 登录成功（第 1 次）
2026-01-19 12:05:59,858 | INFO | login | 1101-Temu全托管 - 第 1 次登录尝试
2026-01-19 12:06:02,717 | INFO | login | 1101-Temu全托管 - start_api 返回: {'code': 0, 'msg': 'Success', 'data': {'action': 'startBrowserByCode', 'backgroundPluginId': 'ckhldkgdmajoifldkandjekhofbghdfh', 'browserID': 100260927, 'browserPath': 'C:\\Users\\Administrator\\AppData\\Local\\env-kit\\Core\\chrome_64_131_202501091017\\hubstudio', 'debuggingPort': '59721', 'downloadPath': 'C:\\Users\\Administrator\\Desktop\\Hubstudio\\temu全托1101店', 'duplicate': 2519, 'ip': '124.225.4.69', 'isDynamicIp': False, 'launcherPage': 'about:blank', 'proxyType': 'socks5', 'runMode': 2, 'webdriver': 'C:\\Users\\Administrator\\AppData\\Local\\env-kit\\Core\\chrome_64_131_202501091017\\webdriver.exe', 'containerId': 100260927, 'containerCode': '1010609275', 'statusCode': '0', 'err': '成功(Success)'}}
2026-01-19 12:06:02,717 | INFO | login | 1101-Temu全托管 - 浏览器启动成功, 调试端口: 59721
2026-01-19 12:06:04,097 | INFO | login | 1101-Temu全托管 - 已连接浏览器
2026-01-19 12:06:05,283 | INFO | login | --------------------1101-Temu全托管 ------------------------ 开始登录...
2026-01-19 12:06:10,201 | INFO | login | 1101-Temu全托管 - 等待 agentseller Cookie 生效
2026-01-19 12:06:16,291 | INFO | login | 1101-Temu全托管 - Cookie 已保存: D:\sd14\Temu_horizon\data\cookies\1101-Temu全托管_cookies.json
2026-01-19 12:06:16,292 | INFO | login | 1101-Temu全托管 - Cookie 获取完成，准备关闭浏览器
2026-01-19 12:06:16,292 | INFO | login | 1101-Temu全托管 - 登录成功（第 1 次）
2026-01-19 12:06:24,323 | INFO | login | 1101-Temu全托管 - 第 1 次登录尝试
2026-01-19 12:06:27,049 | INFO | login | 1101-Temu全托管 - start_api 返回: {'code': 0, 'msg': 'Success', 'data': {'action': 'startBrowserByCode', 'backgroundPluginId': 'ckhldkgdmajoifldkandjekhofbghdfh', 'browserID': 100260927, 'browserPath': 'C:\\Users\\Administrator\\AppData\\Local\\env-kit\\Core\\chrome_64_131_202501091017\\hubstudio', 'debuggingPort': '60006', 'downloadPath': 'C:\\Users\\Administrator\\Desktop\\Hubstudio\\temu全托1101店', 'duplicate': 2347, 'ip': '124.225.4.69', 'isDynamicIp': False, 'launcherPage': 'about:blank', 'proxyType': 'socks5', 'runMode': 2, 'webdriver': 'C:\\Users\\Administrator\\AppData\\Local\\env-kit\\Core\\chrome_64_131_202501091017\\webdriver.exe', 'containerId': 100260927, 'containerCode': '1010609275', 'statusCode': '0', 'err': '成功(Success)'}}
2026-01-19 12:06:27,049 | INFO | login | 1101-Temu全托管 - 浏览器启动成功, 调试端口: 60006
2026-01-19 12:06:28,432 | INFO | login | 1101-Temu全托管 - 已连接浏览器
2026-01-19 12:06:28,819 | INFO | login | --------------------1101-Temu全托管 ------------------------ 开始登录...
2026-01-19 12:06:34,101 | INFO | login | 1101-Temu全托管 - 等待 agentseller Cookie 生效
2026-01-19 12:06:39,346 | INFO | login | 1101-Temu全托管 - Cookie 已保存: D:\sd14\Temu_horizon\data\cookies\1101-Temu全托管_cookies.json
2026-01-19 12:06:39,346 | INFO | login | 1101-Temu全托管 - Cookie 获取完成，准备关闭浏览器
2026-01-19 12:06:39,346 | INFO | login | 1101-Temu全托管 - 登录成功（第 1 次）
2026-01-19 12:06:48,059 | INFO | login | 2101-Temu全托管KA - 第 1 次登录尝试
2026-01-19 12:06:51,351 | INFO | login | 2101-Temu全托管KA - start_api 返回: {'code': 0, 'msg': 'Success', 'data': {'action': 'startBrowserByCode', 'backgroundPluginId': 'akgomnfmbbjjcajjhhilppefdmokndpj', 'browserID': 104355104, 'browserPath': 'C:\\Users\\Administrator\\AppData\\Local\\env-kit\\Core\\chrome_64_131_202501091017\\hubstudio', 'debuggingPort': '60236', 'downloadPath': 'C:\\Users\\Administrator\\Desktop\\Hubstudio\\temu全托2101号店（111店改）', 'duplicate': 2923, 'ip': '124.236.76.149', 'isDynamicIp': False, 'launcherPage': 'about:blank', 'proxyType': 'socks5', 'runMode': 2, 'webdriver': 'C:\\Users\\Administrator\\AppData\\Local\\env-kit\\Core\\chrome_64_131_202501091017\\webdriver.exe', 'containerId': 104355104, 'containerCode': '1051551049', 'statusCode': '0', 'err': '成功(Success)'}}
2026-01-19 12:06:51,351 | INFO | login | 2101-Temu全托管KA - 浏览器启动成功, 调试端口: 60236
2026-01-19 12:06:52,731 | INFO | login | 2101-Temu全托管KA - 已连接浏览器
2026-01-19 12:06:55,193 | INFO | login | --------------------2101-Temu全托管KA ------------------------ 开始登录...
2026-01-19 12:07:00,421 | INFO | login | 2101-Temu全托管KA - 等待 agentseller Cookie 生效
2026-01-19 12:07:10,929 | INFO | login | 命中授权方式一：确认授权并前往
2026-01-19 12:07:10,981 | INFO | login | 授权流程完成
2026-01-19 12:07:17,019 | INFO | login | 2101-Temu全托管KA - Cookie 已保存: D:\sd14\Temu_horizon\data\cookies\2101-Temu全托管KA_cookies.json
2026-01-19 12:07:17,019 | INFO | login | 2101-Temu全托管KA - Cookie 获取完成，准备关闭浏览器
2026-01-19 12:07:17,019 | INFO | login | 2101-Temu全托管KA - 登录成功（第 1 次）
2026-01-19 12:07:25,760 | INFO | login | 110-Temu全托管KA - 第 1 次登录尝试
2026-01-19 12:07:28,735 | INFO | login | 110-Temu全托管KA - start_api 返回: {'code': 0, 'msg': 'Success', 'data': {'action': 'startBrowserByCode', 'backgroundPluginId': 'komlifcoekddpkbgnlkbhoknnkcniofa', 'browserID': 104353651, 'browserPath': 'C:\\Users\\Administrator\\AppData\\Local\\env-kit\\Core\\chrome_64_131_202501091017\\hubstudio', 'debuggingPort': '60619', 'downloadPath': 'C:\\Users\\Administrator\\Desktop\\Hubstudio\\temu全托110号店+半托7号店', 'duplicate': 2509, 'ip': '121.14.201.248', 'isDynamicIp': False, 'launcherPage': 'about:blank', 'proxyType': 'socks5', 'runMode': 2, 'webdriver': 'C:\\Users\\Administrator\\AppData\\Local\\env-kit\\Core\\chrome_64_131_202501091017\\webdriver.exe', 'containerId': 104353651, 'containerCode': '1051536511', 'statusCode': '0', 'err': '成功(Success)'}}
2026-01-19 12:07:28,735 | INFO | login | 110-Temu全托管KA - 浏览器启动成功, 调试端口: 60619
2026-01-19 12:07:30,113 | INFO | login | 110-Temu全托管KA - 已连接浏览器
2026-01-19 12:07:31,478 | INFO | login | --------------------110-Temu全托管KA ------------------------ 开始登录...
2026-01-19 12:07:36,101 | INFO | login | 110-Temu全托管KA - 等待 agentseller Cookie 生效
2026-01-19 12:07:41,930 | INFO | login | 110-Temu全托管KA - Cookie 已保存: D:\sd14\Temu_horizon\data\cookies\110-Temu全托管KA_cookies.json
2026-01-19 12:07:41,930 | INFO | login | 110-Temu全托管KA - Cookie 获取完成，准备关闭浏览器
2026-01-19 12:07:41,930 | INFO | login | 110-Temu全托管KA - 登录成功（第 1 次）
2026-01-19 12:07:51,231 | INFO | login | 109-Temu全托管KA - 第 1 次登录尝试
2026-01-19 12:07:54,392 | INFO | login | 109-Temu全托管KA - start_api 返回: {'code': 0, 'msg': 'Success', 'data': {'action': 'startBrowserByCode', 'backgroundPluginId': 'ohiahjpnifkljncpockjijkdiohieojm', 'browserID': 104329439, 'browserPath': 'C:\\Users\\Administrator\\AppData\\Local\\env-kit\\Core\\chrome_64_131_202501091017\\hubstudio', 'debuggingPort': '60879', 'downloadPath': 'C:\\Users\\Administrator\\Desktop\\Hubstudio\\temu全托109+半托3号-Geeray', 'duplicate': 2770, 'ip': '124.236.76.149', 'isDynamicIp': False, 'launcherPage': 'about:blank', 'proxyType': 'socks5', 'runMode': 2, 'webdriver': 'C:\\Users\\Administrator\\AppData\\Local\\env-kit\\Core\\chrome_64_131_202501091017\\webdriver.exe', 'containerId': 104329439, 'containerCode': '1051294393', 'statusCode': '0', 'err': '成功(Success)'}}
2026-01-19 12:07:54,392 | INFO | login | 109-Temu全托管KA - 浏览器启动成功, 调试端口: 60879
2026-01-19 12:07:55,784 | INFO | login | 109-Temu全托管KA - 已连接浏览器
2026-01-19 12:07:58,067 | INFO | login | --------------------109-Temu全托管KA ------------------------ 开始登录...
2026-01-19 12:08:04,279 | INFO | login | 109-Temu全托管KA - 等待 agentseller Cookie 生效
2026-01-19 12:08:11,425 | INFO | login | 109-Temu全托管KA - Cookie 已保存: D:\sd14\Temu_horizon\data\cookies\109-Temu全托管KA_cookies.json
2026-01-19 12:08:11,425 | INFO | login | 109-Temu全托管KA - Cookie 获取完成，准备关闭浏览器
2026-01-19 12:08:11,425 | INFO | login | 109-Temu全托管KA - 登录成功（第 1 次）
2026-01-19 12:08:17,119 | INFO | login | 108-Temu全托管 - 第 1 次登录尝试
2026-01-19 12:08:20,838 | INFO | login | 108-Temu全托管 - start_api 返回: {'code': 0, 'msg': 'Success', 'data': {'action': 'startBrowserByCode', 'backgroundPluginId': 'gobiecapkllflcacpgecmdakhoffglne', 'browserID': 104562169, 'browserPath': 'C:\\Users\\Administrator\\AppData\\Local\\env-kit\\Core\\chrome_64_131_202501091017\\hubstudio', 'debuggingPort': '61196', 'downloadPath': 'C:\\Users\\Administrator\\Desktop\\Hubstudio\\temu全托108店-YYDeeK BO子账号', 'duplicate': 3306, 'ip': '125.75.68.73', 'isDynamicIp': False, 'launcherPage': 'about:blank', 'proxyType': 'socks5', 'runMode': 2, 'webdriver': 'C:\\Users\\Administrator\\AppData\\Local\\env-kit\\Core\\chrome_64_131_202501091017\\webdriver.exe', 'containerId': 104562169, 'containerCode': '1053621692', 'statusCode': '0', 'err': '成功(Success)'}}
2026-01-19 12:08:20,839 | INFO | login | 108-Temu全托管 - 浏览器启动成功, 调试端口: 61196
2026-01-19 12:08:22,220 | INFO | login | 108-Temu全托管 - 已连接浏览器
2026-01-19 12:08:23,575 | INFO | login | --------------------108-Temu全托管 ------------------------ 开始登录...
2026-01-19 12:08:29,126 | INFO | login | 108-Temu全托管 - 等待 agentseller Cookie 生效
2026-01-19 12:08:38,795 | INFO | login | 命中授权方式一：确认授权并前往
2026-01-19 12:08:38,847 | INFO | login | 授权流程完成
2026-01-19 12:08:44,877 | INFO | login | 108-Temu全托管 - Cookie 已保存: D:\sd14\Temu_horizon\data\cookies\108-Temu全托管_cookies.json
2026-01-19 12:08:44,877 | INFO | login | 108-Temu全托管 - Cookie 获取完成，准备关闭浏览器
2026-01-19 12:08:44,877 | INFO | login | 108-Temu全托管 - 登录成功（第 1 次）
2026-01-19 12:08:51,812 | INFO | login | 107-Temu全托管 - 第 1 次登录尝试
2026-01-19 12:08:54,825 | INFO | login | 107-Temu全托管 - start_api 返回: {'code': 0, 'msg': 'Success', 'data': {'action': 'startBrowserByCode', 'backgroundPluginId': 'bnaaeoijoggldpjbnkinbcoeddakckpi', 'browserID': 104359840, 'browserPath': 'C:\\Users\\Administrator\\AppData\\Local\\env-kit\\Core\\chrome_64_131_202501091017\\hubstudio', 'debuggingPort': '61533', 'downloadPath': 'C:\\Users\\Administrator\\Desktop\\Hubstudio\\temu全托104+108+半托1号-YYDeeK', 'duplicate': 2559, 'ip': '125.75.68.73', 'isDynamicIp': False, 'launcherPage': 'about:blank', 'proxyType': 'socks5', 'runMode': 2, 'webdriver': 'C:\\Users\\Administrator\\AppData\\Local\\env-kit\\Core\\chrome_64_131_202501091017\\webdriver.exe', 'containerId': 104359840, 'containerCode': '1051598402', 'statusCode': '0', 'err': '成功(Success)'}}
2026-01-19 12:08:54,825 | INFO | login | 107-Temu全托管 - 浏览器启动成功, 调试端口: 61533
2026-01-19 12:08:56,230 | INFO | login | 107-Temu全托管 - 已连接浏览器
2026-01-19 12:08:57,599 | INFO | login | --------------------107-Temu全托管 ------------------------ 开始登录...
2026-01-19 12:09:03,187 | INFO | login | 107-Temu全托管 - 等待 agentseller Cookie 生效
2026-01-19 12:09:10,749 | INFO | login | 107-Temu全托管 - Cookie 已保存: D:\sd14\Temu_horizon\data\cookies\107-Temu全托管_cookies.json
2026-01-19 12:09:10,750 | INFO | login | 107-Temu全托管 - Cookie 获取完成，准备关闭浏览器
2026-01-19 12:09:10,750 | INFO | login | 107-Temu全托管 - 登录成功（第 1 次）
2026-01-19 12:09:18,615 | INFO | login | 106-Temu全托管 - 第 1 次登录尝试
2026-01-19 12:09:21,814 | INFO | login | 106-Temu全托管 - start_api 返回: {'code': 0, 'msg': 'Success', 'data': {'action': 'startBrowserByCode', 'backgroundPluginId': 'pngnekjgjoanofgpkpnjilfmdnlhikjk', 'browserID': 104315998, 'browserPath': 'C:\\Users\\Administrator\\AppData\\Local\\env-kit\\Core\\chrome_64_131_202501091017\\hubstudio', 'debuggingPort': '61849', 'downloadPath': 'C:\\Users\\Administrator\\Desktop\\Hubstudio\\temu全托106店-BAKAM', 'duplicate': 2753, 'ip': '121.229.211.102', 'isDynamicIp': False, 'launcherPage': 'about:blank', 'proxyType': 'socks5', 'runMode': 2, 'webdriver': 'C:\\Users\\Administrator\\AppData\\Local\\env-kit\\Core\\chrome_64_131_202501091017\\webdriver.exe', 'containerId': 104315998, 'containerCode': '1051159982', 'statusCode': '0', 'err': '成功(Success)'}}
2026-01-19 12:09:21,815 | INFO | login | 106-Temu全托管 - 浏览器启动成功, 调试端口: 61849
2026-01-19 12:09:23,206 | INFO | login | 106-Temu全托管 - 已连接浏览器
2026-01-19 12:09:23,218 | ERROR | login | 106-Temu全托管 - 打开登录页失败: Page.goto: net::ERR_ABORTED at https://seller.kuajingmaihuo.com/login
Call log:
  - navigating to "https://seller.kuajingmaihuo.com/login", waiting until "domcontentloaded"

2026-01-19 12:09:23,218 | ERROR | login | 106-Temu全托管 - 第 1 次失败: open_login_page 失败
Traceback (most recent call last):
  File "D:\sd14\Temu_horizon\core\base_client.py", line 64, in post
    resp.raise_for_status()
  File "C:\ProgramData\anaconda3\envs\spider310\lib\site-packages\requests\models.py", line 1026, in raise_for_status
    raise HTTPError(http_error_msg, response=self)
requests.exceptions.HTTPError: 403 Client Error: Forbidden for url: https://agentseller.temu.com/api/kiana/mms/robin/searchForChainSupplier

During handling of the above exception, another exception occurred:

Traceback (most recent call last):
  File "D:\sd14\Temu_horizon\core\login.py", line 292, in run
    result = await self.run_once()
  File "D:\sd14\Temu_horizon\core\login.py", line 275, in run_once
    raise Exception("open_login_page 失败")
Exception: open_login_page 失败
2026-01-19 12:09:24,267 | INFO | login | 106-Temu全托管 - 准备重试，等待 3 秒...
2026-01-19 12:09:27,276 | INFO | login | 106-Temu全托管 - 第 2 次登录尝试
2026-01-19 12:09:30,064 | INFO | login | 106-Temu全托管 - start_api 返回: {'code': 0, 'msg': 'Success', 'data': {'action': 'startBrowserByCode', 'backgroundPluginId': 'pngnekjgjoanofgpkpnjilfmdnlhikjk', 'browserID': 104315998, 'browserPath': 'C:\\Users\\Administrator\\AppData\\Local\\env-kit\\Core\\chrome_64_131_202501091017\\hubstudio', 'debuggingPort': '62003', 'downloadPath': 'C:\\Users\\Administrator\\Desktop\\Hubstudio\\temu全托106店-BAKAM', 'duplicate': 2394, 'ip': '121.229.211.102', 'isDynamicIp': False, 'launcherPage': 'about:blank', 'proxyType': 'socks5', 'runMode': 2, 'webdriver': 'C:\\Users\\Administrator\\AppData\\Local\\env-kit\\Core\\chrome_64_131_202501091017\\webdriver.exe', 'containerId': 104315998, 'containerCode': '1051159982', 'statusCode': '0', 'err': '成功(Success)'}}
2026-01-19 12:09:30,064 | INFO | login | 106-Temu全托管 - 浏览器启动成功, 调试端口: 62003
2026-01-19 12:09:31,455 | INFO | login | 106-Temu全托管 - 已连接浏览器
2026-01-19 12:09:31,472 | ERROR | login | 106-Temu全托管 - 打开登录页失败: Page.goto: net::ERR_ABORTED at https://seller.kuajingmaihuo.com/login
Call log:
  - navigating to "https://seller.kuajingmaihuo.com/login", waiting until "domcontentloaded"

2026-01-19 12:09:31,472 | ERROR | login | 106-Temu全托管 - 第 2 次失败: open_login_page 失败
Traceback (most recent call last):
  File "D:\sd14\Temu_horizon\core\base_client.py", line 64, in post
    resp.raise_for_status()
  File "C:\ProgramData\anaconda3\envs\spider310\lib\site-packages\requests\models.py", line 1026, in raise_for_status
    raise HTTPError(http_error_msg, response=self)
requests.exceptions.HTTPError: 403 Client Error: Forbidden for url: https://agentseller.temu.com/api/kiana/mms/robin/searchForChainSupplier

During handling of the above exception, another exception occurred:

Traceback (most recent call last):
  File "D:\sd14\Temu_horizon\core\login.py", line 292, in run
    result = await self.run_once()
  File "D:\sd14\Temu_horizon\core\login.py", line 275, in run_once
    raise Exception("open_login_page 失败")
Exception: open_login_page 失败
2026-01-19 12:09:32,467 | INFO | login | 106-Temu全托管 - 准备重试，等待 3 秒...
2026-01-19 12:09:35,478 | INFO | login | 106-Temu全托管 - 第 3 次登录尝试
2026-01-19 12:09:38,240 | INFO | login | 106-Temu全托管 - start_api 返回: {'code': 0, 'msg': 'Success', 'data': {'action': 'startBrowserByCode', 'backgroundPluginId': 'pngnekjgjoanofgpkpnjilfmdnlhikjk', 'browserID': 104315998, 'browserPath': 'C:\\Users\\Administrator\\AppData\\Local\\env-kit\\Core\\chrome_64_131_202501091017\\hubstudio', 'debuggingPort': '62144', 'downloadPath': 'C:\\Users\\Administrator\\Desktop\\Hubstudio\\temu全托106店-BAKAM', 'duplicate': 2373, 'ip': '121.229.211.102', 'isDynamicIp': False, 'launcherPage': 'about:blank', 'proxyType': 'socks5', 'runMode': 2, 'webdriver': 'C:\\Users\\Administrator\\AppData\\Local\\env-kit\\Core\\chrome_64_131_202501091017\\webdriver.exe', 'containerId': 104315998, 'containerCode': '1051159982', 'statusCode': '0', 'err': '成功(Success)'}}
2026-01-19 12:09:38,241 | INFO | login | 106-Temu全托管 - 浏览器启动成功, 调试端口: 62144
2026-01-19 12:09:39,642 | INFO | login | 106-Temu全托管 - 已连接浏览器
2026-01-19 12:09:39,656 | ERROR | login | 106-Temu全托管 - 打开登录页失败: Page.goto: net::ERR_ABORTED at https://seller.kuajingmaihuo.com/login
Call log:
  - navigating to "https://seller.kuajingmaihuo.com/login", waiting until "domcontentloaded"

2026-01-19 12:09:39,657 | ERROR | login | 106-Temu全托管 - 第 3 次失败: open_login_page 失败
Traceback (most recent call last):
  File "D:\sd14\Temu_horizon\core\base_client.py", line 64, in post
    resp.raise_for_status()
  File "C:\ProgramData\anaconda3\envs\spider310\lib\site-packages\requests\models.py", line 1026, in raise_for_status
    raise HTTPError(http_error_msg, response=self)
requests.exceptions.HTTPError: 403 Client Error: Forbidden for url: https://agentseller.temu.com/api/kiana/mms/robin/searchForChainSupplier

During handling of the above exception, another exception occurred:

Traceback (most recent call last):
  File "D:\sd14\Temu_horizon\core\login.py", line 292, in run
    result = await self.run_once()
  File "D:\sd14\Temu_horizon\core\login.py", line 275, in run_once
    raise Exception("open_login_page 失败")
Exception: open_login_page 失败
2026-01-19 12:09:40,597 | INFO | login | 106-Temu全托管 - 准备重试，等待 3 秒...
2026-01-19 12:09:43,610 | INFO | login | 106-Temu全托管 - 第 4 次登录尝试
2026-01-19 12:09:46,379 | INFO | login | 106-Temu全托管 - start_api 返回: {'code': 0, 'msg': 'Success', 'data': {'action': 'startBrowserByCode', 'backgroundPluginId': 'pngnekjgjoanofgpkpnjilfmdnlhikjk', 'browserID': 104315998, 'browserPath': 'C:\\Users\\Administrator\\AppData\\Local\\env-kit\\Core\\chrome_64_131_202501091017\\hubstudio', 'debuggingPort': '62261', 'downloadPath': 'C:\\Users\\Administrator\\Desktop\\Hubstudio\\temu全托106店-BAKAM', 'duplicate': 2404, 'ip': '121.229.211.102', 'isDynamicIp': False, 'launcherPage': 'about:blank', 'proxyType': 'socks5', 'runMode': 2, 'webdriver': 'C:\\Users\\Administrator\\AppData\\Local\\env-kit\\Core\\chrome_64_131_202501091017\\webdriver.exe', 'containerId': 104315998, 'containerCode': '1051159982', 'statusCode': '0', 'err': '成功(Success)'}}
2026-01-19 12:09:46,379 | INFO | login | 106-Temu全托管 - 浏览器启动成功, 调试端口: 62261
2026-01-19 12:09:47,764 | INFO | login | 106-Temu全托管 - 已连接浏览器
2026-01-19 12:09:47,774 | ERROR | login | 106-Temu全托管 - 打开登录页失败: Page.goto: net::ERR_ABORTED at https://seller.kuajingmaihuo.com/login
Call log:
  - navigating to "https://seller.kuajingmaihuo.com/login", waiting until "domcontentloaded"

2026-01-19 12:09:47,775 | ERROR | login | 106-Temu全托管 - 第 4 次失败: open_login_page 失败
Traceback (most recent call last):
  File "D:\sd14\Temu_horizon\core\base_client.py", line 64, in post
    resp.raise_for_status()
  File "C:\ProgramData\anaconda3\envs\spider310\lib\site-packages\requests\models.py", line 1026, in raise_for_status
    raise HTTPError(http_error_msg, response=self)
requests.exceptions.HTTPError: 403 Client Error: Forbidden for url: https://agentseller.temu.com/api/kiana/mms/robin/searchForChainSupplier

During handling of the above exception, another exception occurred:

Traceback (most recent call last):
  File "D:\sd14\Temu_horizon\core\login.py", line 292, in run
    result = await self.run_once()
  File "D:\sd14\Temu_horizon\core\login.py", line 275, in run_once
    raise Exception("open_login_page 失败")
Exception: open_login_page 失败
2026-01-19 12:09:48,632 | INFO | login | 106-Temu全托管 - 准备重试，等待 3 秒...
2026-01-19 12:09:51,638 | INFO | login | 106-Temu全托管 - 第 5 次登录尝试
2026-01-19 12:09:54,520 | INFO | login | 106-Temu全托管 - start_api 返回: {'code': 0, 'msg': 'Success', 'data': {'action': 'startBrowserByCode', 'backgroundPluginId': 'pngnekjgjoanofgpkpnjilfmdnlhikjk', 'browserID': 104315998, 'browserPath': 'C:\\Users\\Administrator\\AppData\\Local\\env-kit\\Core\\chrome_64_131_202501091017\\hubstudio', 'debuggingPort': '62369', 'downloadPath': 'C:\\Users\\Administrator\\Desktop\\Hubstudio\\temu全托106店-BAKAM', 'duplicate': 2462, 'ip': '121.229.211.102', 'isDynamicIp': False, 'launcherPage': 'about:blank', 'proxyType': 'socks5', 'runMode': 2, 'webdriver': 'C:\\Users\\Administrator\\AppData\\Local\\env-kit\\Core\\chrome_64_131_202501091017\\webdriver.exe', 'containerId': 104315998, 'containerCode': '1051159982', 'statusCode': '0', 'err': '成功(Success)'}}
2026-01-19 12:09:54,520 | INFO | login | 106-Temu全托管 - 浏览器启动成功, 调试端口: 62369
2026-01-19 12:09:55,910 | INFO | login | 106-Temu全托管 - 已连接浏览器
2026-01-19 12:09:55,922 | ERROR | login | 106-Temu全托管 - 打开登录页失败: Page.goto: net::ERR_ABORTED at https://seller.kuajingmaihuo.com/login
Call log:
  - navigating to "https://seller.kuajingmaihuo.com/login", waiting until "domcontentloaded"

2026-01-19 12:09:55,922 | ERROR | login | 106-Temu全托管 - 第 5 次失败: open_login_page 失败
Traceback (most recent call last):
  File "D:\sd14\Temu_horizon\core\base_client.py", line 64, in post
    resp.raise_for_status()
  File "C:\ProgramData\anaconda3\envs\spider310\lib\site-packages\requests\models.py", line 1026, in raise_for_status
    raise HTTPError(http_error_msg, response=self)
requests.exceptions.HTTPError: 403 Client Error: Forbidden for url: https://agentseller.temu.com/api/kiana/mms/robin/searchForChainSupplier

During handling of the above exception, another exception occurred:

Traceback (most recent call last):
  File "D:\sd14\Temu_horizon\core\login.py", line 292, in run
    result = await self.run_once()
  File "D:\sd14\Temu_horizon\core\login.py", line 275, in run_once
    raise Exception("open_login_page 失败")
Exception: open_login_page 失败
2026-01-19 12:09:56,812 | INFO | login | 106-Temu全托管 - 准备重试，等待 3 秒...
2026-01-19 12:09:59,822 | INFO | login | 106-Temu全托管 - 第 6 次登录尝试
2026-01-19 12:10:02,492 | INFO | login | 106-Temu全托管 - start_api 返回: {'code': 0, 'msg': 'Success', 'data': {'action': 'startBrowserByCode', 'backgroundPluginId': 'pngnekjgjoanofgpkpnjilfmdnlhikjk', 'browserID': 104315998, 'browserPath': 'C:\\Users\\Administrator\\AppData\\Local\\env-kit\\Core\\chrome_64_131_202501091017\\hubstudio', 'debuggingPort': '62480', 'downloadPath': 'C:\\Users\\Administrator\\Desktop\\Hubstudio\\temu全托106店-BAKAM', 'duplicate': 2277, 'ip': '121.229.211.102', 'isDynamicIp': False, 'launcherPage': 'about:blank', 'proxyType': 'socks5', 'runMode': 2, 'webdriver': 'C:\\Users\\Administrator\\AppData\\Local\\env-kit\\Core\\chrome_64_131_202501091017\\webdriver.exe', 'containerId': 104315998, 'containerCode': '1051159982', 'statusCode': '0', 'err': '成功(Success)'}}
2026-01-19 12:10:02,492 | INFO | login | 106-Temu全托管 - 浏览器启动成功, 调试端口: 62480
2026-01-19 12:10:03,898 | INFO | login | 106-Temu全托管 - 已连接浏览器
2026-01-19 12:10:04,987 | INFO | login | --------------------106-Temu全托管 ------------------------ 开始登录...
2026-01-19 12:10:10,104 | INFO | login | 106-Temu全托管 - 等待 agentseller Cookie 生效
2026-01-19 12:10:16,840 | INFO | login | 106-Temu全托管 - Cookie 已保存: D:\sd14\Temu_horizon\data\cookies\106-Temu全托管_cookies.json
2026-01-19 12:10:16,840 | INFO | login | 106-Temu全托管 - Cookie 获取完成，准备关闭浏览器
2026-01-19 12:10:16,840 | INFO | login | 106-Temu全托管 - 登录成功（第 6 次）
2026-01-19 12:10:29,667 | INFO | login | 105-Temu全托管 - 第 1 次登录尝试
2026-01-19 12:10:33,039 | INFO | login | 105-Temu全托管 - start_api 返回: {'code': 0, 'msg': 'Success', 'data': {'action': 'startBrowserByCode', 'backgroundPluginId': 'egdlpkdlagfommapeejeoihfohgccfih', 'browserID': 104314256, 'browserPath': 'C:\\Users\\Administrator\\AppData\\Local\\env-kit\\Core\\chrome_64_131_202501091017\\hubstudio', 'debuggingPort': '62788', 'downloadPath': 'C:\\Users\\Administrator\\Desktop\\Hubstudio\\temu全托105店-UNE LUCIOLE', 'duplicate': 2894, 'ip': '124.225.4.69', 'isDynamicIp': False, 'launcherPage': 'about:blank', 'proxyType': 'socks5', 'runMode': 2, 'webdriver': 'C:\\Users\\Administrator\\AppData\\Local\\env-kit\\Core\\chrome_64_131_202501091017\\webdriver.exe', 'containerId': 104314256, 'containerCode': '1051142565', 'statusCode': '0', 'err': '成功(Success)'}}
2026-01-19 12:10:33,039 | INFO | login | 105-Temu全托管 - 浏览器启动成功, 调试端口: 62788
2026-01-19 12:10:34,417 | INFO | login | 105-Temu全托管 - 已连接浏览器
2026-01-19 12:10:35,582 | INFO | login | --------------------105-Temu全托管 ------------------------ 开始登录...
2026-01-19 12:10:40,393 | INFO | login | 105-Temu全托管 - 等待 agentseller Cookie 生效
2026-01-19 12:10:47,370 | INFO | login | 105-Temu全托管 - Cookie 已保存: D:\sd14\Temu_horizon\data\cookies\105-Temu全托管_cookies.json
2026-01-19 12:10:47,370 | INFO | login | 105-Temu全托管 - Cookie 获取完成，准备关闭浏览器
2026-01-19 12:10:47,370 | INFO | login | 105-Temu全托管 - 登录成功（第 1 次）
2026-01-19 12:10:54,532 | INFO | login | 104-Temu全托管 - 第 1 次登录尝试
2026-01-19 12:10:57,821 | INFO | login | 104-Temu全托管 - start_api 返回: {'code': 0, 'msg': 'Success', 'data': {'action': 'startBrowserByCode', 'backgroundPluginId': 'chlkfnmgfghenbeelpneidfjbkpokonp', 'browserID': 104527083, 'browserPath': 'C:\\Users\\Administrator\\AppData\\Local\\env-kit\\Core\\chrome_64_131_202501091017\\hubstudio', 'debuggingPort': '63093', 'downloadPath': 'C:\\Users\\Administrator\\Desktop\\Hubstudio\\temu全托104店-YYDeeK子账号', 'duplicate': 2851, 'ip': '125.75.68.73', 'isDynamicIp': False, 'launcherPage': 'about:blank', 'proxyType': 'socks5', 'runMode': 2, 'webdriver': 'C:\\Users\\Administrator\\AppData\\Local\\env-kit\\Core\\chrome_64_131_202501091017\\webdriver.exe', 'containerId': 104527083, 'containerCode': '1053270835', 'statusCode': '0', 'err': '成功(Success)'}}
2026-01-19 12:10:57,822 | INFO | login | 104-Temu全托管 - 浏览器启动成功, 调试端口: 63093
2026-01-19 12:10:59,191 | INFO | login | 104-Temu全托管 - 已连接浏览器
2026-01-19 12:11:00,540 | INFO | login | --------------------104-Temu全托管 ------------------------ 开始登录...
2026-01-19 12:11:05,582 | INFO | login | 104-Temu全托管 - 等待 agentseller Cookie 生效
2026-01-19 12:11:12,999 | INFO | login | 104-Temu全托管 - Cookie 已保存: D:\sd14\Temu_horizon\data\cookies\104-Temu全托管_cookies.json
2026-01-19 12:11:12,999 | INFO | login | 104-Temu全托管 - Cookie 获取完成，准备关闭浏览器
2026-01-19 12:11:13,000 | INFO | login | 104-Temu全托管 - 登录成功（第 1 次）
2026-01-19 12:11:18,574 | INFO | login | 103-Temu全托管 - 第 1 次登录尝试
2026-01-19 12:11:21,981 | INFO | login | 103-Temu全托管 - start_api 返回: {'code': 0, 'msg': 'Success', 'data': {'action': 'startBrowserByCode', 'backgroundPluginId': 'cjlkadfgnhnogfgajjoffajniklimcmh', 'browserID': 104523239, 'browserPath': 'C:\\Users\\Administrator\\AppData\\Local\\env-kit\\Core\\chrome_64_131_202501091017\\hubstudio', 'debuggingPort': '63395', 'downloadPath': 'C:\\Users\\Administrator\\Desktop\\Hubstudio\\temu全托103店-PBee', 'duplicate': 2970, 'ip': '125.75.68.73', 'isDynamicIp': False, 'launcherPage': 'about:blank', 'proxyType': 'socks5', 'runMode': 2, 'webdriver': 'C:\\Users\\Administrator\\AppData\\Local\\env-kit\\Core\\chrome_64_131_202501091017\\webdriver.exe', 'containerId': 104523239, 'containerCode': '1053232390', 'statusCode': '0', 'err': '成功(Success)'}}
2026-01-19 12:11:21,982 | INFO | login | 103-Temu全托管 - 浏览器启动成功, 调试端口: 63395
2026-01-19 12:11:23,389 | INFO | login | 103-Temu全托管 - 已连接浏览器
2026-01-19 12:11:25,122 | INFO | login | --------------------103-Temu全托管 ------------------------ 开始登录...
2026-01-19 12:11:30,230 | INFO | login | 103-Temu全托管 - 等待 agentseller Cookie 生效
2026-01-19 12:11:37,460 | INFO | login | 103-Temu全托管 - Cookie 已保存: D:\sd14\Temu_horizon\data\cookies\103-Temu全托管_cookies.json
2026-01-19 12:11:37,460 | INFO | login | 103-Temu全托管 - Cookie 获取完成，准备关闭浏览器
2026-01-19 12:11:37,460 | INFO | login | 103-Temu全托管 - 登录成功（第 1 次）
2026-01-19 12:11:56,762 | INFO | login | 102-Temu全托管 - 第 1 次登录尝试
2026-01-19 12:12:00,288 | INFO | login | 102-Temu全托管 - start_api 返回: {'code': 0, 'msg': 'Success', 'data': {'action': 'startBrowserByCode', 'backgroundPluginId': 'aiknnnpfbnhmmkmkhfpbofgeoljmaakg', 'browserID': 104522336, 'browserPath': 'C:\\Users\\Administrator\\AppData\\Local\\env-kit\\Core\\chrome_64_131_202501091017\\hubstudio', 'debuggingPort': '63709', 'downloadPath': 'C:\\Users\\Administrator\\Desktop\\Hubstudio\\temu全托102店-PBear', 'duplicate': 2956, 'ip': '218.78.129.68', 'isDynamicIp': False, 'launcherPage': 'about:blank', 'proxyType': 'socks5', 'runMode': 2, 'webdriver': 'C:\\Users\\Administrator\\AppData\\Local\\env-kit\\Core\\chrome_64_131_202501091017\\webdriver.exe', 'containerId': 104522336, 'containerCode': '1053223369', 'statusCode': '0', 'err': '成功(Success)'}}
2026-01-19 12:12:00,288 | INFO | login | 102-Temu全托管 - 浏览器启动成功, 调试端口: 63709
2026-01-19 12:12:01,679 | INFO | login | 102-Temu全托管 - 已连接浏览器
2026-01-19 12:12:03,078 | INFO | login | --------------------102-Temu全托管 ------------------------ 开始登录...
2026-01-19 12:12:08,067 | INFO | login | 102-Temu全托管 - 等待 agentseller Cookie 生效
2026-01-19 12:12:15,313 | INFO | login | 102-Temu全托管 - Cookie 已保存: D:\sd14\Temu_horizon\data\cookies\102-Temu全托管_cookies.json
2026-01-19 12:12:15,313 | INFO | login | 102-Temu全托管 - Cookie 获取完成，准备关闭浏览器
2026-01-19 12:12:15,313 | INFO | login | 102-Temu全托管 - 登录成功（第 1 次）
2026-01-19 12:12:20,911 | INFO | login | 101-Temu全托管 - 第 1 次登录尝试
2026-01-19 12:12:24,467 | INFO | login | 101-Temu全托管 - start_api 返回: {'code': 0, 'msg': 'Success', 'data': {'action': 'startBrowserByCode', 'backgroundPluginId': 'pmpkofebdgpmilhkkkbfgfflcgpnkihi', 'browserID': 104522087, 'browserPath': 'C:\\Users\\Administrator\\AppData\\Local\\env-kit\\Core\\chrome_64_131_202501091017\\hubstudio', 'debuggingPort': '63978', 'downloadPath': 'C:\\Users\\Administrator\\Desktop\\Hubstudio\\temu全托101店-HQCK', 'duplicate': 3143, 'ip': '118.253.177.190', 'isDynamicIp': False, 'launcherPage': 'about:blank', 'proxyType': 'socks5', 'runMode': 2, 'webdriver': 'C:\\Users\\Administrator\\AppData\\Local\\env-kit\\Core\\chrome_64_131_202501091017\\webdriver.exe', 'containerId': 104522087, 'containerCode': '1053220874', 'statusCode': '0', 'err': '成功(Success)'}}
2026-01-19 12:12:24,468 | INFO | login | 101-Temu全托管 - 浏览器启动成功, 调试端口: 63978
2026-01-19 12:12:25,832 | INFO | login | 101-Temu全托管 - 已连接浏览器
2026-01-19 12:12:26,860 | INFO | login | --------------------101-Temu全托管 ------------------------ 开始登录...
2026-01-19 12:12:32,085 | INFO | login | 101-Temu全托管 - 等待 agentseller Cookie 生效
2026-01-19 12:12:38,670 | INFO | login | 101-Temu全托管 - Cookie 已保存: D:\sd14\Temu_horizon\data\cookies\101-Temu全托管_cookies.json
2026-01-19 12:12:38,670 | INFO | login | 101-Temu全托管 - Cookie 获取完成，准备关闭浏览器
2026-01-19 12:12:38,670 | INFO | login | 101-Temu全托管 - 登录成功（第 1 次）
